Archive member included to satisfy reference by file (symbol)

c:/st/stm32cubeide_1.7.0/stm32cubeide/plugins/com.st.stm32cube.ide.mcu.externaltools.gnu-tools-for-stm32.9-2020-q2-update.win32_2.0.0.202105311346/tools/bin/../lib/gcc/arm-none-eabi/9.3.1/../../../../arm-none-eabi/lib/thumb/v7-m/nofp\libc_nano.a(lib_a-errno.o)
                              ./Core/Src/syscalls.o (__errno)
c:/st/stm32cubeide_1.7.0/stm32cubeide/plugins/com.st.stm32cube.ide.mcu.externaltools.gnu-tools-for-stm32.9-2020-q2-update.win32_2.0.0.202105311346/tools/bin/../lib/gcc/arm-none-eabi/9.3.1/../../../../arm-none-eabi/lib/thumb/v7-m/nofp\libc_nano.a(lib_a-exit.o)
                              c:/st/stm32cubeide_1.7.0/stm32cubeide/plugins/com.st.stm32cube.ide.mcu.externaltools.gnu-tools-for-stm32.9-2020-q2-update.win32_2.0.0.202105311346/tools/bin/../lib/gcc/arm-none-eabi/9.3.1/../../../../arm-none-eabi/lib/thumb/v7-m/nofp/crt0.o (exit)
c:/st/stm32cubeide_1.7.0/stm32cubeide/plugins/com.st.stm32cube.ide.mcu.externaltools.gnu-tools-for-stm32.9-2020-q2-update.win32_2.0.0.202105311346/tools/bin/../lib/gcc/arm-none-eabi/9.3.1/../../../../arm-none-eabi/lib/thumb/v7-m/nofp\libc_nano.a(lib_a-impure.o)
                              c:/st/stm32cubeide_1.7.0/stm32cubeide/plugins/com.st.stm32cube.ide.mcu.externaltools.gnu-tools-for-stm32.9-2020-q2-update.win32_2.0.0.202105311346/tools/bin/../lib/gcc/arm-none-eabi/9.3.1/../../../../arm-none-eabi/lib/thumb/v7-m/nofp\libc_nano.a(lib_a-exit.o) (_global_impure_ptr)
c:/st/stm32cubeide_1.7.0/stm32cubeide/plugins/com.st.stm32cube.ide.mcu.externaltools.gnu-tools-for-stm32.9-2020-q2-update.win32_2.0.0.202105311346/tools/bin/../lib/gcc/arm-none-eabi/9.3.1/../../../../arm-none-eabi/lib/thumb/v7-m/nofp\libc_nano.a(lib_a-init.o)
                              c:/st/stm32cubeide_1.7.0/stm32cubeide/plugins/com.st.stm32cube.ide.mcu.externaltools.gnu-tools-for-stm32.9-2020-q2-update.win32_2.0.0.202105311346/tools/bin/../lib/gcc/arm-none-eabi/9.3.1/../../../../arm-none-eabi/lib/thumb/v7-m/nofp/crt0.o (__libc_init_array)
c:/st/stm32cubeide_1.7.0/stm32cubeide/plugins/com.st.stm32cube.ide.mcu.externaltools.gnu-tools-for-stm32.9-2020-q2-update.win32_2.0.0.202105311346/tools/bin/../lib/gcc/arm-none-eabi/9.3.1/../../../../arm-none-eabi/lib/thumb/v7-m/nofp\libc_nano.a(lib_a-memset.o)
                              c:/st/stm32cubeide_1.7.0/stm32cubeide/plugins/com.st.stm32cube.ide.mcu.externaltools.gnu-tools-for-stm32.9-2020-q2-update.win32_2.0.0.202105311346/tools/bin/../lib/gcc/arm-none-eabi/9.3.1/../../../../arm-none-eabi/lib/thumb/v7-m/nofp/crt0.o (memset)

Allocating common symbols
Common symbol       size              file

tasks_array         0x190             ./Core/Src/scheduler.o
uwTick              0x4               ./Drivers/STM32F1xx_HAL_Driver/Src/stm32f1xx_hal.o
pFlash              0x20              ./Drivers/STM32F1xx_HAL_Driver/Src/stm32f1xx_hal_flash.o
htim2               0x48              ./Core/Src/main.o

Discarded input sections

 .text          0x0000000000000000        0x0 c:/st/stm32cubeide_1.7.0/stm32cubeide/plugins/com.st.stm32cube.ide.mcu.externaltools.gnu-tools-for-stm32.9-2020-q2-update.win32_2.0.0.202105311346/tools/bin/../lib/gcc/arm-none-eabi/9.3.1/thumb/v7-m/nofp/crti.o
 .data          0x0000000000000000        0x0 c:/st/stm32cubeide_1.7.0/stm32cubeide/plugins/com.st.stm32cube.ide.mcu.externaltools.gnu-tools-for-stm32.9-2020-q2-update.win32_2.0.0.202105311346/tools/bin/../lib/gcc/arm-none-eabi/9.3.1/thumb/v7-m/nofp/crti.o
 .bss           0x0000000000000000        0x0 c:/st/stm32cubeide_1.7.0/stm32cubeide/plugins/com.st.stm32cube.ide.mcu.externaltools.gnu-tools-for-stm32.9-2020-q2-update.win32_2.0.0.202105311346/tools/bin/../lib/gcc/arm-none-eabi/9.3.1/thumb/v7-m/nofp/crti.o
 .data          0x0000000000000000        0x4 c:/st/stm32cubeide_1.7.0/stm32cubeide/plugins/com.st.stm32cube.ide.mcu.externaltools.gnu-tools-for-stm32.9-2020-q2-update.win32_2.0.0.202105311346/tools/bin/../lib/gcc/arm-none-eabi/9.3.1/thumb/v7-m/nofp/crtbegin.o
 .text          0x0000000000000000       0x7c c:/st/stm32cubeide_1.7.0/stm32cubeide/plugins/com.st.stm32cube.ide.mcu.externaltools.gnu-tools-for-stm32.9-2020-q2-update.win32_2.0.0.202105311346/tools/bin/../lib/gcc/arm-none-eabi/9.3.1/../../../../arm-none-eabi/lib/thumb/v7-m/nofp/crt0.o
 .data          0x0000000000000000        0x0 c:/st/stm32cubeide_1.7.0/stm32cubeide/plugins/com.st.stm32cube.ide.mcu.externaltools.gnu-tools-for-stm32.9-2020-q2-update.win32_2.0.0.202105311346/tools/bin/../lib/gcc/arm-none-eabi/9.3.1/../../../../arm-none-eabi/lib/thumb/v7-m/nofp/crt0.o
 .bss           0x0000000000000000        0x0 c:/st/stm32cubeide_1.7.0/stm32cubeide/plugins/com.st.stm32cube.ide.mcu.externaltools.gnu-tools-for-stm32.9-2020-q2-update.win32_2.0.0.202105311346/tools/bin/../lib/gcc/arm-none-eabi/9.3.1/../../../../arm-none-eabi/lib/thumb/v7-m/nofp/crt0.o
[...]
Memory Configuration

Name             Origin             Length             Attributes
RAM              0x0000000020000000 0x0000000000002800 xrw
FLASH            0x0000000008000000 0x0000000000008000 xr
*default*        0x0000000000000000 0xffffffffffffffff

Linker script and memory map

LOAD c:/st/stm32cubeide_1.7.0/stm32cubeide/plugins/com.st.stm32cube.ide.mcu.externaltools.gnu-tools-for-stm32.9-2020-q2-update.win32_2.0.0.202105311346/tools/bin/../lib/gcc/arm-none-eabi/9.3.1/thumb/v7-m/nofp/crti.o
LOAD c:/st/stm32cubeide_1.7.0/stm32cubeide/plugins/com.st.stm32cube.ide.mcu.externaltools.gnu-tools-for-stm32.9-2020-q2-update.win32_2.0.0.202105311346/tools/bin/../lib/gcc/arm-none-eabi/9.3.1/thumb/v7-m/nofp/crtbegin.o
LOAD c:/st/stm32cubeide_1.7.0/stm32cubeide/plugins/com.st.stm32cube.ide.mcu.externaltools.gnu-tools-for-stm32.9-2020-q2-update.win32_2.0.0.202105311346/tools/bin/../lib/gcc/arm-none-eabi/9.3.1/../../../../arm-none-eabi/lib/thumb/v7-m/nofp/crt0.o
LOAD ./Core/Src/7seg.o
LOAD ./Core/Src/button.o
LOAD ./Core/Src/fsm_automatic.o
LOAD ./Core/Src/fsm_automatic_sch.o
LOAD ./Core/Src/fsm_manual.o
LOAD ./Core/Src/fsm_manual_sch.o
LOAD ./Core/Src/global.o
LOAD ./Core/Src/led.o
LOAD ./Core/Src/main.o
LOAD ./Core/Src/scheduler.o
LOAD ./Core/Src/software_timer.o
LOAD ./Core/Src/stm32f1xx_hal_msp.o
LOAD ./Core/Src/stm32f1xx_it.o
LOAD ./Core/Src/syscalls.o
LOAD ./Core/Src/sysmem.o
LOAD ./Core/Src/system_stm32f1xx.o
LOAD ./Core/Startup/startup_stm32f103c6ux.o
LOAD ./Drivers/STM32F1xx_HAL_Driver/Src/stm32f1xx_hal.o
LOAD ./Drivers/STM32F1xx_HAL_Driver/Src/stm32f1xx_hal_cortex.o
LOAD ./Drivers/STM32F1xx_HAL_Driver/Src/stm32f1xx_hal_dma.o
LOAD ./Drivers/STM32F1xx_HAL_Driver/Src/stm32f1xx_hal_exti.o
LOAD ./Drivers/STM32F1xx_HAL_Driver/Src/stm32f1xx_hal_flash.o
LOAD ./Drivers/STM32F1xx_HAL_Driver/Src/stm32f1xx_hal_flash_ex.o
LOAD ./Drivers/STM32F1xx_HAL_Driver/Src/stm32f1xx_hal_gpio.o
LOAD ./Drivers/STM32F1xx_HAL_Driver/Src/stm32f1xx_hal_gpio_ex.o
LOAD ./Drivers/STM32F1xx_HAL_Driver/Src/stm32f1xx_hal_pwr.o
LOAD ./Drivers/STM32F1xx_HAL_Driver/Src/stm32f1xx_hal_rcc.o
LOAD ./Drivers/STM32F1xx_HAL_Driver/Src/stm32f1xx_hal_rcc_ex.o
LOAD ./Drivers/STM32F1xx_HAL_Driver/Src/stm32f1xx_hal_tim.o
LOAD ./Drivers/STM32F1xx_HAL_Driver/Src/stm32f1xx_hal_tim_ex.o
START GROUP
LOAD c:/st/stm32cubeide_1.7.0/stm32cubeide/plugins/com.st.stm32cube.ide.mcu.externaltools.gnu-tools-for-stm32.9-2020-q2-update.win32_2.0.0.202105311346/tools/bin/../lib/gcc/arm-none-eabi/9.3.1/../../../../arm-none-eabi/lib/thumb/v7-m/nofp\libc_nano.a
LOAD c:/st/stm32cubeide_1.7.0/stm32cubeide/plugins/com.st.stm32cube.ide.mcu.externaltools.gnu-tools-for-stm32.9-2020-q2-update.win32_2.0.0.202105311346/tools/bin/../lib/gcc/arm-none-eabi/9.3.1/../../../../arm-none-eabi/lib/thumb/v7-m/nofp\libm.a
END GROUP
START GROUP
LOAD c:/st/stm32cubeide_1.7.0/stm32cubeide/plugins/com.st.stm32cube.ide.mcu.externaltools.gnu-tools-for-stm32.9-2020-q2-update.win32_2.0.0.202105311346/tools/bin/../lib/gcc/arm-none-eabi/9.3.1/thumb/v7-m/nofp\libgcc.a
LOAD c:/st/stm32cubeide_1.7.0/stm32cubeide/plugins/com.st.stm32cube.ide.mcu.externaltools.gnu-tools-for-stm32.9-2020-q2-update.win32_2.0.0.202105311346/tools/bin/../lib/gcc/arm-none-eabi/9.3.1/../../../../arm-none-eabi/lib/thumb/v7-m/nofp\libc_nano.a
END GROUP
START GROUP
LOAD c:/st/stm32cubeide_1.7.0/stm32cubeide/plugins/com.st.stm32cube.ide.mcu.externaltools.gnu-tools-for-stm32.9-2020-q2-update.win32_2.0.0.202105311346/tools/bin/../lib/gcc/arm-none-eabi/9.3.1/thumb/v7-m/nofp\libgcc.a
LOAD c:/st/stm32cubeide_1.7.0/stm32cubeide/plugins/com.st.stm32cube.ide.mcu.externaltools.gnu-tools-for-stm32.9-2020-q2-update.win32_2.0.0.202105311346/tools/bin/../lib/gcc/arm-none-eabi/9.3.1/../../../../arm-none-eabi/lib/thumb/v7-m/nofp\libc_nano.a
LOAD c:/st/stm32cubeide_1.7.0/stm32cubeide/plugins/com.st.stm32cube.ide.mcu.externaltools.gnu-tools-for-stm32.9-2020-q2-update.win32_2.0.0.202105311346/tools/bin/../lib/gcc/arm-none-eabi/9.3.1/../../../../arm-none-eabi/lib/thumb/v7-m/nofp\libnosys.a
END GROUP
START GROUP
LOAD c:/st/stm32cubeide_1.7.0/stm32cubeide/plugins/com.st.stm32cube.ide.mcu.externaltools.gnu-tools-for-stm32.9-2020-q2-update.win32_2.0.0.202105311346/tools/bin/../lib/gcc/arm-none-eabi/9.3.1/thumb/v7-m/nofp\libgcc.a
LOAD c:/st/stm32cubeide_1.7.0/stm32cubeide/plugins/com.st.stm32cube.ide.mcu.externaltools.gnu-tools-for-stm32.9-2020-q2-update.win32_2.0.0.202105311346/tools/bin/../lib/gcc/arm-none-eabi/9.3.1/../../../../arm-none-eabi/lib/thumb/v7-m/nofp\libc_nano.a
LOAD c:/st/stm32cubeide_1.7.0/stm32cubeide/plugins/com.st.stm32cube.ide.mcu.externaltools.gnu-tools-for-stm32.9-2020-q2-update.win32_2.0.0.202105311346/tools/bin/../lib/gcc/arm-none-eabi/9.3.1/../../../../arm-none-eabi/lib/thumb/v7-m/nofp\libnosys.a
END GROUP
LOAD c:/st/stm32cubeide_1.7.0/stm32cubeide/plugins/com.st.stm32cube.ide.mcu.externaltools.gnu-tools-for-stm32.9-2020-q2-update.win32_2.0.0.202105311346/tools/bin/../lib/gcc/arm-none-eabi/9.3.1/thumb/v7-m/nofp/crtend.o
LOAD c:/st/stm32cubeide_1.7.0/stm32cubeide/plugins/com.st.stm32cube.ide.mcu.externaltools.gnu-tools-for-stm32.9-2020-q2-update.win32_2.0.0.202105311346/tools/bin/../lib/gcc/arm-none-eabi/9.3.1/thumb/v7-m/nofp/crtn.o
                0x0000000020002800                _estack = (ORIGIN (RAM) + LENGTH (RAM))
                0x0000000000000200                _Min_Heap_Size = 0x200
                0x0000000000000400                _Min_Stack_Size = 0x400

.isr_vector     0x0000000008000000      0x10c
                0x0000000008000000                . = ALIGN (0x4)
 *(.isr_vector)
 .isr_vector    0x0000000008000000      0x10c ./Core/Startup/startup_stm32f103c6ux.o
                0x0000000008000000                g_pfnVectors
                0x000000000800010c                . = ALIGN (0x4)

.text           0x000000000800010c     0x31a4
                0x000000000800010c                . = ALIGN (0x4)
 *(.text)
 .text          0x000000000800010c       0x40 c:/st/stm32cubeide_1.7.0/stm32cubeide/plugins/com.st.stm32cube.ide.mcu.externaltools.gnu-tools-for-stm32.9-2020-q2-update.win32_2.0.0.202105311346/tools/bin/../lib/gcc/arm-none-eabi/9.3.1/thumb/v7-m/nofp/crtbegin.o
 *(.text*)
 .text.display7SEG
                0x000000000800014c      0x364 ./Core/Src/7seg.o
                0x000000000800014c                display7SEG
 .text.display7SEG_2
                0x00000000080004b0      0x3ec ./Core/Src/7seg.o
                0x00000000080004b0                display7SEG_2
 .text.enable_seg_0_1
                0x000000000800089c       0x64 ./Core/Src/7seg.o
                0x000000000800089c                enable_seg_0_1
 .text.enable_seg_2_3
                0x0000000008000900       0x64 ./Core/Src/7seg.o
                0x0000000008000900                enable_seg_2_3
 .text.updatebuffer2
                0x0000000008000964       0x60 ./Core/Src/7seg.o
                0x0000000008000964                updatebuffer2
 .text.updatebuffer1
                0x00000000080009c4       0x60 ./Core/Src/7seg.o
                0x00000000080009c4                updatebuffer1
 .text.isButtonPressed
                0x0000000008000a24       0x34 ./Core/Src/button.o
                0x0000000008000a24                isButtonPressed
 .text.subKeyProcess
                0x0000000008000a58       0x20 ./Core/Src/button.o
                0x0000000008000a58                subKeyProcess
 .text.getKeyInput
                0x0000000008000a78      0x104 ./Core/Src/button.o
                0x0000000008000a78                getKeyInput
 .text.get3ButtonInput
                0x0000000008000b7c       0x1a ./Core/Src/button.o
                0x0000000008000b7c                get3ButtonInput
 *fill*         0x0000000008000b96        0x2 
 .text.task_update_time1
                0x0000000008000b98       0x28 ./Core/Src/fsm_automatic_sch.o
                0x0000000008000b98                task_update_time1
 .text.task_update_time2
                0x0000000008000bc0       0x28 ./Core/Src/fsm_automatic_sch.o
                0x0000000008000bc0                task_update_time2
 .text.task_display_7seg1
                0x0000000008000be8       0x40 ./Core/Src/fsm_automatic_sch.o
                0x0000000008000be8                task_display_7seg1
 .text.task_display_7seg2
                0x0000000008000c28       0x40 ./Core/Src/fsm_automatic_sch.o
                0x0000000008000c28                task_display_7seg2
 .text.change_mode_sch
                0x0000000008000c68       0x1c ./Core/Src/fsm_manual_sch.o
                0x0000000008000c68                change_mode_sch
 .text.display_buffer1
                0x0000000008000c84       0x44 ./Core/Src/fsm_manual_sch.o
                0x0000000008000c84                display_buffer1
 .text.display_buffer2
                0x0000000008000cc8       0x44 ./Core/Src/fsm_manual_sch.o
                0x0000000008000cc8                display_buffer2
 .text.displayDuration_sch
                0x0000000008000d0c       0x78 ./Core/Src/fsm_manual_sch.o
                0x0000000008000d0c                displayDuration_sch
 .text.fsm_manual_run_sch
                0x0000000008000d84      0x4bc ./Core/Src/fsm_manual_sch.o
                0x0000000008000d84                fsm_manual_run_sch
 .text.setup1   0x0000000008001240       0x30 ./Core/Src/led.o
                0x0000000008001240                setup1
 .text.init1    0x0000000008001270       0x30 ./Core/Src/led.o
                0x0000000008001270                init1
 .text.init2    0x00000000080012a0       0x30 ./Core/Src/led.o
                0x00000000080012a0                init2
 .text.setup2   0x00000000080012d0       0x30 ./Core/Src/led.o
                0x00000000080012d0                setup2
 .text.red_led1
                0x0000000008001300       0x30 ./Core/Src/led.o
                0x0000000008001300                red_led1
 .text.green_led1
                0x0000000008001330       0x30 ./Core/Src/led.o
                0x0000000008001330                green_led1
 .text.yellow_led1
                0x0000000008001360       0x30 ./Core/Src/led.o
                0x0000000008001360                yellow_led1
 .text.red_led2
                0x0000000008001390       0x30 ./Core/Src/led.o
                0x0000000008001390                red_led2
 .text.green_led2
                0x00000000080013c0       0x30 ./Core/Src/led.o
                0x00000000080013c0                green_led2
 .text.yellow_led2
                0x00000000080013f0       0x30 ./Core/Src/led.o
                0x00000000080013f0                yellow_led2
 .text.toggle_red
                0x0000000008001420       0x50 ./Core/Src/led.o
                0x0000000008001420                toggle_red
 .text.toggle_yellow
                0x0000000008001470       0x50 ./Core/Src/led.o
                0x0000000008001470                toggle_yellow
 .text.toggle_green
                0x00000000080014c0       0x50 ./Core/Src/led.o
                0x00000000080014c0                toggle_green
 .text.main     0x0000000008001510       0x38 ./Core/Src/main.o
                0x0000000008001510                main
 .text.SystemClock_Config
                0x0000000008001548       0x76 ./Core/Src/main.o
                0x0000000008001548                SystemClock_Config
 *fill*         0x00000000080015be        0x2 
 .text.MX_TIM2_Init
                0x00000000080015c0       0x98 ./Core/Src/main.o
 .text.MX_GPIO_Init
                0x0000000008001658       0xc8 ./Core/Src/main.o
 .text.HAL_TIM_PeriodElapsedCallback
                0x0000000008001720       0x14 ./Core/Src/main.o
                0x0000000008001720                HAL_TIM_PeriodElapsedCallback
 .text.Error_Handler
                0x0000000008001734        0xa ./Core/Src/main.o
                0x0000000008001734                Error_Handler
 *fill*         0x000000000800173e        0x2 
 .text.SCH_Init
                0x0000000008001740       0x8c ./Core/Src/scheduler.o
                0x0000000008001740                SCH_Init
 .text.SCH_Update
                0x00000000080017cc       0xf4 ./Core/Src/scheduler.o
                0x00000000080017cc                SCH_Update
 .text.SCH_Dispatch_Tasks
                0x00000000080018c0       0xc8 ./Core/Src/scheduler.o
                0x00000000080018c0                SCH_Dispatch_Tasks
 .text.SCH_Add_Task
                0x0000000008001988       0xb0 ./Core/Src/scheduler.o
                0x0000000008001988                SCH_Add_Task
 .text.SCH_Delete_TaskID
                0x0000000008001a38       0x84 ./Core/Src/scheduler.o
                0x0000000008001a38                SCH_Delete_TaskID
 .text.SCH_Delete_Task
                0x0000000008001abc       0x48 ./Core/Src/scheduler.o
                0x0000000008001abc                SCH_Delete_Task
 .text.HAL_MspInit
                0x0000000008001b04       0x64 ./Core/Src/stm32f1xx_hal_msp.o
                0x0000000008001b04                HAL_MspInit
 .text.HAL_TIM_Base_MspInit
                0x0000000008001b68       0x48 ./Core/Src/stm32f1xx_hal_msp.o
                0x0000000008001b68                HAL_TIM_Base_MspInit
 .text.NMI_Handler
                0x0000000008001bb0        0x6 ./Core/Src/stm32f1xx_it.o
                0x0000000008001bb0                NMI_Handler
 .text.HardFault_Handler
                0x0000000008001bb6        0x6 ./Core/Src/stm32f1xx_it.o
                0x0000000008001bb6                HardFault_Handler
 .text.MemManage_Handler
                0x0000000008001bbc        0x6 ./Core/Src/stm32f1xx_it.o
                0x0000000008001bbc                MemManage_Handler
 .text.BusFault_Handler
                0x0000000008001bc2        0x6 ./Core/Src/stm32f1xx_it.o
                0x0000000008001bc2                BusFault_Handler
 .text.UsageFault_Handler
                0x0000000008001bc8        0x6 ./Core/Src/stm32f1xx_it.o
                0x0000000008001bc8                UsageFault_Handler
 .text.SVC_Handler
                0x0000000008001bce        0xc ./Core/Src/stm32f1xx_it.o
                0x0000000008001bce                SVC_Handler
 .text.DebugMon_Handler
                0x0000000008001bda        0xc ./Core/Src/stm32f1xx_it.o
                0x0000000008001bda                DebugMon_Handler
 .text.PendSV_Handler
                0x0000000008001be6        0xc ./Core/Src/stm32f1xx_it.o
                0x0000000008001be6                PendSV_Handler
 .text.SysTick_Handler
                0x0000000008001bf2        0xc ./Core/Src/stm32f1xx_it.o
                0x0000000008001bf2                SysTick_Handler
 *fill*         0x0000000008001bfe        0x2 
 .text.TIM2_IRQHandler
                0x0000000008001c00       0x14 ./Core/Src/stm32f1xx_it.o
                0x0000000008001c00                TIM2_IRQHandler
 .text.SystemInit
                0x0000000008001c14        0xc ./Core/Src/system_stm32f1xx.o
                0x0000000008001c14                SystemInit
 .text.Reset_Handler
                0x0000000008001c20       0x48 ./Core/Startup/startup_stm32f103c6ux.o
                0x0000000008001c20                Reset_Handler
 .text.Default_Handler
                0x0000000008001c68        0x2 ./Core/Startup/startup_stm32f103c6ux.o
                0x0000000008001c68                RTC_Alarm_IRQHandler
                0x0000000008001c68                EXTI2_IRQHandler
                0x0000000008001c68                TIM1_CC_IRQHandler
                0x0000000008001c68                PVD_IRQHandler
                0x0000000008001c68                EXTI3_IRQHandler
                0x0000000008001c68                EXTI0_IRQHandler
                0x0000000008001c68                ADC1_2_IRQHandler
                0x0000000008001c68                SPI1_IRQHandler
                0x0000000008001c68                TAMPER_IRQHandler
                0x0000000008001c68                DMA1_Channel4_IRQHandler
                0x0000000008001c68                RTC_IRQHandler
                0x0000000008001c68                DMA1_Channel7_IRQHandler
                0x0000000008001c68                CAN1_RX1_IRQHandler
                0x0000000008001c68                I2C1_EV_IRQHandler
                0x0000000008001c68                DMA1_Channel6_IRQHandler
                0x0000000008001c68                TIM3_IRQHandler
                0x0000000008001c68                RCC_IRQHandler
                0x0000000008001c68                TIM1_TRG_COM_IRQHandler
                0x0000000008001c68                DMA1_Channel1_IRQHandler
                0x0000000008001c68                Default_Handler
                0x0000000008001c68                EXTI15_10_IRQHandler
                0x0000000008001c68                EXTI9_5_IRQHandler
                0x0000000008001c68                DMA1_Channel5_IRQHandler
                0x0000000008001c68                EXTI4_IRQHandler
                0x0000000008001c68                USB_LP_CAN1_RX0_IRQHandler
                0x0000000008001c68                USB_HP_CAN1_TX_IRQHandler
                0x0000000008001c68                DMA1_Channel3_IRQHandler
                0x0000000008001c68                TIM1_UP_IRQHandler
                0x0000000008001c68                WWDG_IRQHandler
                0x0000000008001c68                TIM1_BRK_IRQHandler
                0x0000000008001c68                EXTI1_IRQHandler
                0x0000000008001c68                USART2_IRQHandler
                0x0000000008001c68                DMA1_Channel2_IRQHandler
                0x0000000008001c68                CAN1_SCE_IRQHandler
                0x0000000008001c68                FLASH_IRQHandler
                0x0000000008001c68                USART1_IRQHandler
                0x0000000008001c68                I2C1_ER_IRQHandler
                0x0000000008001c68                USBWakeUp_IRQHandler
 *fill*         0x0000000008001c6a        0x2 
 .text.HAL_Init
                0x0000000008001c6c       0x2c ./Drivers/STM32F1xx_HAL_Driver/Src/stm32f1xx_hal.o
                0x0000000008001c6c                HAL_Init
 .text.HAL_InitTick
                0x0000000008001c98       0x60 ./Drivers/STM32F1xx_HAL_Driver/Src/stm32f1xx_hal.o
                0x0000000008001c98                HAL_InitTick
 .text.HAL_IncTick
                0x0000000008001cf8       0x24 ./Drivers/STM32F1xx_HAL_Driver/Src/stm32f1xx_hal.o
                0x0000000008001cf8                HAL_IncTick
 .text.HAL_GetTick
                0x0000000008001d1c       0x14 ./Drivers/STM32F1xx_HAL_Driver/Src/stm32f1xx_hal.o
                0x0000000008001d1c                HAL_GetTick
 .text.__NVIC_SetPriorityGrouping
                0x0000000008001d30       0x48 ./Drivers/STM32F1xx_HAL_Driver/Src/stm32f1xx_hal_cortex.o
 .text.__NVIC_GetPriorityGrouping
                0x0000000008001d78       0x1c ./Drivers/STM32F1xx_HAL_Driver/Src/stm32f1xx_hal_cortex.o
 .text.__NVIC_EnableIRQ
                0x0000000008001d94       0x38 ./Drivers/STM32F1xx_HAL_Driver/Src/stm32f1xx_hal_cortex.o
 .text.__NVIC_SetPriority
                0x0000000008001dcc       0x54 ./Drivers/STM32F1xx_HAL_Driver/Src/stm32f1xx_hal_cortex.o
 .text.NVIC_EncodePriority
                0x0000000008001e20       0x64 ./Drivers/STM32F1xx_HAL_Driver/Src/stm32f1xx_hal_cortex.o
 .text.SysTick_Config
                0x0000000008001e84       0x44 ./Drivers/STM32F1xx_HAL_Driver/Src/stm32f1xx_hal_cortex.o
 .text.HAL_NVIC_SetPriorityGrouping
                0x0000000008001ec8       0x16 ./Drivers/STM32F1xx_HAL_Driver/Src/stm32f1xx_hal_cortex.o
                0x0000000008001ec8                HAL_NVIC_SetPriorityGrouping
 .text.HAL_NVIC_SetPriority
                0x0000000008001ede       0x38 ./Drivers/STM32F1xx_HAL_Driver/Src/stm32f1xx_hal_cortex.o
                0x0000000008001ede                HAL_NVIC_SetPriority
 .text.HAL_NVIC_EnableIRQ
                0x0000000008001f16       0x1c ./Drivers/STM32F1xx_HAL_Driver/Src/stm32f1xx_hal_cortex.o
                0x0000000008001f16                HAL_NVIC_EnableIRQ
 .text.HAL_SYSTICK_Config
                0x0000000008001f32       0x18 ./Drivers/STM32F1xx_HAL_Driver/Src/stm32f1xx_hal_cortex.o
                0x0000000008001f32                HAL_SYSTICK_Config
 *fill*         0x0000000008001f4a        0x2 
 .text.HAL_GPIO_Init
                0x0000000008001f4c      0x2f4 ./Drivers/STM32F1xx_HAL_Driver/Src/stm32f1xx_hal_gpio.o
                0x0000000008001f4c                HAL_GPIO_Init
 .text.HAL_GPIO_ReadPin
                0x0000000008002240       0x2e ./Drivers/STM32F1xx_HAL_Driver/Src/stm32f1xx_hal_gpio.o
                0x0000000008002240                HAL_GPIO_ReadPin
 .text.HAL_GPIO_WritePin
                0x000000000800226e       0x30 ./Drivers/STM32F1xx_HAL_Driver/Src/stm32f1xx_hal_gpio.o
                0x000000000800226e                HAL_GPIO_WritePin
 .text.HAL_GPIO_TogglePin
                0x000000000800229e       0x32 ./Drivers/STM32F1xx_HAL_Driver/Src/stm32f1xx_hal_gpio.o
                0x000000000800229e                HAL_GPIO_TogglePin
 .text.HAL_RCC_OscConfig
                0x00000000080022d0      0x500 ./Drivers/STM32F1xx_HAL_Driver/Src/stm32f1xx_hal_rcc.o
                0x00000000080022d0                HAL_RCC_OscConfig
 .text.HAL_RCC_ClockConfig
                0x00000000080027d0      0x1d4 ./Drivers/STM32F1xx_HAL_Driver/Src/stm32f1xx_hal_rcc.o
                0x00000000080027d0                HAL_RCC_ClockConfig
 .text.HAL_RCC_GetSysClockFreq
                0x00000000080029a4       0xa8 ./Drivers/STM32F1xx_HAL_Driver/Src/stm32f1xx_hal_rcc.o
                0x00000000080029a4                HAL_RCC_GetSysClockFreq
 .text.RCC_Delay
                0x0000000008002a4c       0x3c ./Drivers/STM32F1xx_HAL_Driver/Src/stm32f1xx_hal_rcc.o
 .text.HAL_TIM_Base_Init
                0x0000000008002a88       0x9e ./Drivers/STM32F1xx_HAL_Driver/Src/stm32f1xx_hal_tim.o
                0x0000000008002a88                HAL_TIM_Base_Init
 *fill*         0x0000000008002b26        0x2 
 .text.HAL_TIM_Base_Start_IT
                0x0000000008002b28       0x98 ./Drivers/STM32F1xx_HAL_Driver/Src/stm32f1xx_hal_tim.o
                0x0000000008002b28                HAL_TIM_Base_Start_IT
 .text.HAL_TIM_IRQHandler
                0x0000000008002bc0      0x1e0 ./Drivers/STM32F1xx_HAL_Driver/Src/stm32f1xx_hal_tim.o
                0x0000000008002bc0                HAL_TIM_IRQHandler
 .text.HAL_TIM_ConfigClockSource
                0x0000000008002da0      0x18e ./Drivers/STM32F1xx_HAL_Driver/Src/stm32f1xx_hal_tim.o
                0x0000000008002da0                HAL_TIM_ConfigClockSource
 .text.HAL_TIM_OC_DelayElapsedCallback
                0x0000000008002f2e       0x12 ./Drivers/STM32F1xx_HAL_Driver/Src/stm32f1xx_hal_tim.o
                0x0000000008002f2e                HAL_TIM_OC_DelayElapsedCallback
 .text.HAL_TIM_IC_CaptureCallback
                0x0000000008002f40       0x12 ./Drivers/STM32F1xx_HAL_Driver/Src/stm32f1xx_hal_tim.o
                0x0000000008002f40                HAL_TIM_IC_CaptureCallback
 .text.HAL_TIM_PWM_PulseFinishedCallback
                0x0000000008002f52       0x12 ./Drivers/STM32F1xx_HAL_Driver/Src/stm32f1xx_hal_tim.o
                0x0000000008002f52                HAL_TIM_PWM_PulseFinishedCallback
 .text.HAL_TIM_TriggerCallback
                0x0000000008002f64       0x12 ./Drivers/STM32F1xx_HAL_Driver/Src/stm32f1xx_hal_tim.o
                0x0000000008002f64                HAL_TIM_TriggerCallback
 *fill*         0x0000000008002f76        0x2 
 .text.TIM_Base_SetConfig
                0x0000000008002f78       0xc8 ./Drivers/STM32F1xx_HAL_Driver/Src/stm32f1xx_hal_tim.o
                0x0000000008002f78                TIM_Base_SetConfig
 .text.TIM_TI1_ConfigInputStage
                0x0000000008003040       0x5c ./Drivers/STM32F1xx_HAL_Driver/Src/stm32f1xx_hal_tim.o
 .text.TIM_TI2_ConfigInputStage
                0x000000000800309c       0x5e ./Drivers/STM32F1xx_HAL_Driver/Src/stm32f1xx_hal_tim.o
 .text.TIM_ITRx_SetConfig
                0x00000000080030fa       0x34 ./Drivers/STM32F1xx_HAL_Driver/Src/stm32f1xx_hal_tim.o
 .text.TIM_ETR_SetConfig
                0x000000000800312e       0x3e ./Drivers/STM32F1xx_HAL_Driver/Src/stm32f1xx_hal_tim.o
                0x000000000800312e                TIM_ETR_SetConfig
 .text.HAL_TIMEx_MasterConfigSynchronization
                0x000000000800316c       0xb0 ./Drivers/STM32F1xx_HAL_Driver/Src/stm32f1xx_hal_tim_ex.o
                0x000000000800316c                HAL_TIMEx_MasterConfigSynchronization
 .text.HAL_TIMEx_CommutCallback
                0x000000000800321c       0x12 ./Drivers/STM32F1xx_HAL_Driver/Src/stm32f1xx_hal_tim_ex.o
                0x000000000800321c                HAL_TIMEx_CommutCallback
 .text.HAL_TIMEx_BreakCallback
                0x000000000800322e       0x12 ./Drivers/STM32F1xx_HAL_Driver/Src/stm32f1xx_hal_tim_ex.o
                0x000000000800322e                HAL_TIMEx_BreakCallback
 .text.__libc_init_array
                0x0000000008003240       0x48 c:/st/stm32cubeide_1.7.0/stm32cubeide/plugins/com.st.stm32cube.ide.mcu.externaltools.gnu-tools-for-stm32.9-2020-q2-update.win32_2.0.0.202105311346/tools/bin/../lib/gcc/arm-none-eabi/9.3.1/../../../../arm-none-eabi/lib/thumb/v7-m/nofp\libc_nano.a(lib_a-init.o)
                0x0000000008003240                __libc_init_array
 .text.memset   0x0000000008003288       0x10 c:/st/stm32cubeide_1.7.0/stm32cubeide/plugins/com.st.stm32cube.ide.mcu.externaltools.gnu-tools-for-stm32.9-2020-q2-update.win32_2.0.0.202105311346/tools/bin/../lib/gcc/arm-none-eabi/9.3.1/../../../../arm-none-eabi/lib/thumb/v7-m/nofp\libc_nano.a(lib_a-memset.o)
                0x0000000008003288                memset
 *(.glue_7)
 .glue_7        0x0000000008003298        0x0 linker stubs
 *(.glue_7t)
 .glue_7t       0x0000000008003298        0x0 linker stubs
 *(.eh_frame)
 .eh_frame      0x0000000008003298        0x0 c:/st/stm32cubeide_1.7.0/stm32cubeide/plugins/com.st.stm32cube.ide.mcu.externaltools.gnu-tools-for-stm32.9-2020-q2-update.win32_2.0.0.202105311346/tools/bin/../lib/gcc/arm-none-eabi/9.3.1/thumb/v7-m/nofp/crtbegin.o
 *(.init)
 .init          0x0000000008003298        0x4 c:/st/stm32cubeide_1.7.0/stm32cubeide/plugins/com.st.stm32cube.ide.mcu.externaltools.gnu-tools-for-stm32.9-2020-q2-update.win32_2.0.0.202105311346/tools/bin/../lib/gcc/arm-none-eabi/9.3.1/thumb/v7-m/nofp/crti.o
                0x0000000008003298                _init
 .init          0x000000000800329c        0x8 c:/st/stm32cubeide_1.7.0/stm32cubeide/plugins/com.st.stm32cube.ide.mcu.externaltools.gnu-tools-for-stm32.9-2020-q2-update.win32_2.0.0.202105311346/tools/bin/../lib/gcc/arm-none-eabi/9.3.1/thumb/v7-m/nofp/crtn.o
 *(.fini)
 .fini          0x00000000080032a4        0x4 c:/st/stm32cubeide_1.7.0/stm32cubeide/plugins/com.st.stm32cube.ide.mcu.externaltools.gnu-tools-for-stm32.9-2020-q2-update.win32_2.0.0.202105311346/tools/bin/../lib/gcc/arm-none-eabi/9.3.1/thumb/v7-m/nofp/crti.o
                0x00000000080032a4                _fini
 .fini          0x00000000080032a8        0x8 c:/st/stm32cubeide_1.7.0/stm32cubeide/plugins/com.st.stm32cube.ide.mcu.externaltools.gnu-tools-for-stm32.9-2020-q2-update.win32_2.0.0.202105311346/tools/bin/../lib/gcc/arm-none-eabi/9.3.1/thumb/v7-m/nofp/crtn.o
                0x00000000080032b0                . = ALIGN (0x4)
                0x00000000080032b0                _etext = .

.vfp11_veneer   0x00000000080032b0        0x0
 .vfp11_veneer  0x00000000080032b0        0x0 linker stubs

.v4_bx          0x00000000080032b0        0x0
 .v4_bx         0x00000000080032b0        0x0 linker stubs

.iplt           0x00000000080032b0        0x0
 .iplt          0x00000000080032b0        0x0 c:/st/stm32cubeide_1.7.0/stm32cubeide/plugins/com.st.stm32cube.ide.mcu.externaltools.gnu-tools-for-stm32.9-2020-q2-update.win32_2.0.0.202105311346/tools/bin/../lib/gcc/arm-none-eabi/9.3.1/thumb/v7-m/nofp/crtbegin.o

.rodata         0x00000000080032b0       0x24
                0x00000000080032b0                . = ALIGN (0x4)
 *(.rodata)
 *(.rodata*)
 .rodata.AHBPrescTable
                0x00000000080032b0       0x10 ./Core/Src/system_stm32f1xx.o
                0x00000000080032b0                AHBPrescTable
 .rodata.aPLLMULFactorTable.6032
                0x00000000080032c0       0x10 ./Drivers/STM32F1xx_HAL_Driver/Src/stm32f1xx_hal_rcc.o
 .rodata.aPredivFactorTable.6033
                0x00000000080032d0        0x2 ./Drivers/STM32F1xx_HAL_Driver/Src/stm32f1xx_hal_rcc.o
                0x00000000080032d4                . = ALIGN (0x4)
 *fill*         0x00000000080032d2        0x2 

.rel.dyn        0x00000000080032d4        0x0
 .rel.iplt      0x00000000080032d4        0x0 c:/st/stm32cubeide_1.7.0/stm32cubeide/plugins/com.st.stm32cube.ide.mcu.externaltools.gnu-tools-for-stm32.9-2020-q2-update.win32_2.0.0.202105311346/tools/bin/../lib/gcc/arm-none-eabi/9.3.1/thumb/v7-m/nofp/crtbegin.o

.ARM.extab      0x00000000080032d4        0x0
                0x00000000080032d4                . = ALIGN (0x4)
 *(.ARM.extab* .gnu.linkonce.armextab.*)
                0x00000000080032d4                . = ALIGN (0x4)

.ARM            0x00000000080032d4        0x0
                0x00000000080032d4                . = ALIGN (0x4)
                0x00000000080032d4                __exidx_start = .
 *(.ARM.exidx*)
                0x00000000080032d4                __exidx_end = .
                0x00000000080032d4                . = ALIGN (0x4)

.preinit_array  0x00000000080032d4        0x0
                0x00000000080032d4                . = ALIGN (0x4)
                0x00000000080032d4                PROVIDE (__preinit_array_start = .)
 *(.preinit_array*)
                0x00000000080032d4                PROVIDE (__preinit_array_end = .)
                0x00000000080032d4                . = ALIGN (0x4)

.init_array     0x00000000080032d4        0x4
                0x00000000080032d4                . = ALIGN (0x4)
                0x00000000080032d4                PROVIDE (__init_array_start = .)
 *(SORT_BY_NAME(.init_array.*))
 *(.init_array*)
 .init_array    0x00000000080032d4        0x4 c:/st/stm32cubeide_1.7.0/stm32cubeide/plugins/com.st.stm32cube.ide.mcu.externaltools.gnu-tools-for-stm32.9-2020-q2-update.win32_2.0.0.202105311346/tools/bin/../lib/gcc/arm-none-eabi/9.3.1/thumb/v7-m/nofp/crtbegin.o
                0x00000000080032d8                PROVIDE (__init_array_end = .)
                0x00000000080032d8                . = ALIGN (0x4)

.fini_array     0x00000000080032d8        0x4
                0x00000000080032d8                . = ALIGN (0x4)
                [!provide]                        PROVIDE (__fini_array_start = .)
 *(SORT_BY_NAME(.fini_array.*))
 *(.fini_array*)
 .fini_array    0x00000000080032d8        0x4 c:/st/stm32cubeide_1.7.0/stm32cubeide/plugins/com.st.stm32cube.ide.mcu.externaltools.gnu-tools-for-stm32.9-2020-q2-update.win32_2.0.0.202105311346/tools/bin/../lib/gcc/arm-none-eabi/9.3.1/thumb/v7-m/nofp/crtbegin.o
                [!provide]                        PROVIDE (__fini_array_end = .)
                0x00000000080032dc                . = ALIGN (0x4)
                0x00000000080032dc                _sidata = LOADADDR (.data)

.data           0x0000000020000000       0x74 load address 0x00000000080032dc
                0x0000000020000000                . = ALIGN (0x4)
                0x0000000020000000                _sdata = .
 *(.data)
 *(.data*)
 .data.BUTTON_PORT
                0x0000000020000000        0xc ./Core/Src/button.o
                0x0000000020000000                BUTTON_PORT
 .data.BUTTON_PIN
                0x000000002000000c        0x6 ./Core/Src/button.o
                0x000000002000000c                BUTTON_PIN
 *fill*         0x0000000020000012        0x2 
 .data.KeyReg0  0x0000000020000014        0xc ./Core/Src/button.o
                0x0000000020000014                KeyReg0
 .data.KeyReg1  0x0000000020000020        0xc ./Core/Src/button.o
                0x0000000020000020                KeyReg1
 .data.KeyReg2  0x000000002000002c        0xc ./Core/Src/button.o
                0x000000002000002c                KeyReg2
 .data.KeyReg3  0x0000000020000038        0xc ./Core/Src/button.o
                0x0000000020000038                KeyReg3
 .data.TimerForKeyPress
                0x0000000020000044        0xc ./Core/Src/button.o
                0x0000000020000044                TimerForKeyPress
 .data.LED_STATE1
                0x0000000020000050        0x4 ./Core/Src/global.o
                0x0000000020000050                LED_STATE1
 .data.LED_STATE2
                0x0000000020000054        0x4 ./Core/Src/global.o
                0x0000000020000054                LED_STATE2
 .data.MODE     0x0000000020000058        0x4 ./Core/Src/global.o
                0x0000000020000058                MODE
 .data.RED_DURATION
                0x000000002000005c        0x4 ./Core/Src/global.o
                0x000000002000005c                RED_DURATION
 .data.YELLOW_DURATION
                0x0000000020000060        0x4 ./Core/Src/global.o
                0x0000000020000060                YELLOW_DURATION
 .data.GREEN_DURATION
                0x0000000020000064        0x4 ./Core/Src/global.o
                0x0000000020000064                GREEN_DURATION
 .data.SystemCoreClock
                0x0000000020000068        0x4 ./Core/Src/system_stm32f1xx.o
                0x0000000020000068                SystemCoreClock
 .data.uwTickPrio
                0x000000002000006c        0x4 ./Drivers/STM32F1xx_HAL_Driver/Src/stm32f1xx_hal.o
                0x000000002000006c                uwTickPrio
 .data.uwTickFreq
                0x0000000020000070        0x1 ./Drivers/STM32F1xx_HAL_Driver/Src/stm32f1xx_hal.o
                0x0000000020000070                uwTickFreq
 *(.RamFunc)
 *(.RamFunc*)
                0x0000000020000074                . = ALIGN (0x4)
 *fill*         0x0000000020000071        0x3 
                0x0000000020000074                _edata = .

.igot.plt       0x0000000020000074        0x0 load address 0x0000000008003350
 .igot.plt      0x0000000020000074        0x0 c:/st/stm32cubeide_1.7.0/stm32cubeide/plugins/com.st.stm32cube.ide.mcu.externaltools.gnu-tools-for-stm32.9-2020-q2-update.win32_2.0.0.202105311346/tools/bin/../lib/gcc/arm-none-eabi/9.3.1/thumb/v7-m/nofp/crtbegin.o
                0x0000000020000074                . = ALIGN (0x4)

.bss            0x0000000020000074      0x22c load address 0x0000000008003350
                0x0000000020000074                _sbss = .
                0x0000000020000074                __bss_start__ = _sbss
 *(.bss)
 .bss           0x0000000020000074       0x1c c:/st/stm32cubeide_1.7.0/stm32cubeide/plugins/com.st.stm32cube.ide.mcu.externaltools.gnu-tools-for-stm32.9-2020-q2-update.win32_2.0.0.202105311346/tools/bin/../lib/gcc/arm-none-eabi/9.3.1/thumb/v7-m/nofp/crtbegin.o
 *(.bss*)
 .bss.button_flag
                0x0000000020000090        0xc ./Core/Src/button.o
                0x0000000020000090                button_flag
 .bss.tempDuration
                0x000000002000009c        0x4 ./Core/Src/fsm_manual.o
                0x000000002000009c                tempDuration
 .bss.index_led_1
                0x00000000200000a0        0x4 ./Core/Src/global.o
                0x00000000200000a0                index_led_1
 .bss.index_led_2
                0x00000000200000a4        0x4 ./Core/Src/global.o
                0x00000000200000a4                index_led_2
 .bss.led_buffer_1
                0x00000000200000a8        0x8 ./Core/Src/global.o
                0x00000000200000a8                led_buffer_1
 .bss.led_buffer_2
                0x00000000200000b0        0x8 ./Core/Src/global.o
                0x00000000200000b0                led_buffer_2
 .bss.Error_code_G
                0x00000000200000b8        0x1 ./Core/Src/global.o
                0x00000000200000b8                Error_code_G
 *fill*         0x00000000200000b9        0x3 
 .bss.remaining_time1
                0x00000000200000bc        0x4 ./Core/Src/global.o
                0x00000000200000bc                remaining_time1
 .bss.remaining_time2
                0x00000000200000c0        0x4 ./Core/Src/global.o
                0x00000000200000c0                remaining_time2
 *(COMMON)
 COMMON         0x00000000200000c4       0x48 ./Core/Src/main.o
                0x00000000200000c4                htim2
 COMMON         0x000000002000010c      0x190 ./Core/Src/scheduler.o
                0x000000002000010c                tasks_array
 COMMON         0x000000002000029c        0x4 ./Drivers/STM32F1xx_HAL_Driver/Src/stm32f1xx_hal.o
                0x000000002000029c                uwTick
                0x00000000200002a0                . = ALIGN (0x4)
                0x00000000200002a0                _ebss = .
                0x00000000200002a0                __bss_end__ = _ebss

._user_heap_stack
                0x00000000200002a0      0x600 load address 0x0000000008003350
                0x00000000200002a0                . = ALIGN (0x8)
                [!provide]                        PROVIDE (end = .)
                0x00000000200002a0                PROVIDE (_end = .)
                0x00000000200004a0                . = (. + _Min_Heap_Size)
 *fill*         0x00000000200002a0      0x200 
                0x00000000200008a0                . = (. + _Min_Stack_Size)
 *fill*         0x00000000200004a0      0x400 
                0x00000000200008a0                . = ALIGN (0x8)

/DISCARD/
 libc.a(*)
 libm.a(*)
 libgcc.a(*)

.ARM.attributes
                0x0000000000000000       0x29
 *(.ARM.attributes)
 .ARM.attributes
                0x0000000000000000       0x1d c:/st/stm32cubeide_1.7.0/stm32cubeide/plugins/com.st.stm32cube.ide.mcu.externaltools.gnu-tools-for-stm32.9-2020-q2-update.win32_2.0.0.202105311346/tools/bin/../lib/gcc/arm-none-eabi/9.3.1/thumb/v7-m/nofp/crti.o
 .ARM.attributes
                0x000000000000001d       0x2d c:/st/stm32cubeide_1.7.0/stm32cubeide/plugins/com.st.stm32cube.ide.mcu.externaltools.gnu-tools-for-stm32.9-2020-q2-update.win32_2.0.0.202105311346/tools/bin/../lib/gcc/arm-none-eabi/9.3.1/thumb/v7-m/nofp/crtbegin.o
 .ARM.attributes
                0x000000000000004a       0x2d ./Core/Src/7seg.o
 .ARM.attributes
                0x0000000000000077       0x2d ./Core/Src/button.o
 .ARM.attributes
                0x00000000000000a4       0x2d ./Core/Src/fsm_automatic_sch.o
 .ARM.attributes
                0x00000000000000d1       0x2d ./Core/Src/fsm_manual.o
 .ARM.attributes
                0x00000000000000fe       0x2d ./Core/Src/fsm_manual_sch.o
 .ARM.attributes
                0x000000000000012b       0x33 ./Core/Src/global.o
 .ARM.attributes
                0x000000000000015e       0x2d ./Core/Src/led.o
 .ARM.attributes
                0x000000000000018b       0x2d ./Core/Src/main.o
 .ARM.attributes
                0x00000000000001b8       0x2d ./Core/Src/scheduler.o
 .ARM.attributes
                0x00000000000001e5       0x2d ./Core/Src/stm32f1xx_hal_msp.o
 .ARM.attributes
                0x0000000000000212       0x2d ./Core/Src/stm32f1xx_it.o
 .ARM.attributes
                0x000000000000023f       0x2d ./Core/Src/system_stm32f1xx.o
 .ARM.attributes
                0x000000000000026c       0x21 ./Core/Startup/startup_stm32f103c6ux.o
 .ARM.attributes
                0x000000000000028d       0x2d ./Drivers/STM32F1xx_HAL_Driver/Src/stm32f1xx_hal.o
 .ARM.attributes
                0x00000000000002ba       0x2d ./Drivers/STM32F1xx_HAL_Driver/Src/stm32f1xx_hal_cortex.o
 .ARM.attributes
                0x00000000000002e7       0x2d ./Drivers/STM32F1xx_HAL_Driver/Src/stm32f1xx_hal_gpio.o
 .ARM.attributes
                0x0000000000000314       0x2d ./Drivers/STM32F1xx_HAL_Driver/Src/stm32f1xx_hal_rcc.o
 .ARM.attributes
                0x0000000000000341       0x2d ./Drivers/STM32F1xx_HAL_Driver/Src/stm32f1xx_hal_tim.o
 .ARM.attributes
                0x000000000000036e       0x2d ./Drivers/STM32F1xx_HAL_Driver/Src/stm32f1xx_hal_tim_ex.o
 .ARM.attributes
                0x000000000000039b       0x2d c:/st/stm32cubeide_1.7.0/stm32cubeide/plugins/com.st.stm32cube.ide.mcu.externaltools.gnu-tools-for-stm32.9-2020-q2-update.win32_2.0.0.202105311346/tools/bin/../lib/gcc/arm-none-eabi/9.3.1/../../../../arm-none-eabi/lib/thumb/v7-m/nofp\libc_nano.a(lib_a-init.o)
 .ARM.attributes
                0x00000000000003c8       0x2d c:/st/stm32cubeide_1.7.0/stm32cubeide/plugins/com.st.stm32cube.ide.mcu.externaltools.gnu-tools-for-stm32.9-2020-q2-update.win32_2.0.0.202105311346/tools/bin/../lib/gcc/arm-none-eabi/9.3.1/../../../../arm-none-eabi/lib/thumb/v7-m/nofp\libc_nano.a(lib_a-memset.o)
 .ARM.attributes
                0x00000000000003f5       0x1d c:/st/stm32cubeide_1.7.0/stm32cubeide/plugins/com.st.stm32cube.ide.mcu.externaltools.gnu-tools-for-stm32.9-2020-q2-update.win32_2.0.0.202105311346/tools/bin/../lib/gcc/arm-none-eabi/9.3.1/thumb/v7-m/nofp/crtn.o
OUTPUT(LAB3.elf elf32-littlearm)
LOAD linker stubs
LOAD c:/st/stm32cubeide_1.7.0/stm32cubeide/plugins/com.st.stm32cube.ide.mcu.externaltools.gnu-tools-for-stm32.9-2020-q2-update.win32_2.0.0.202105311346/tools/bin/../lib/gcc/arm-none-eabi/9.3.1/../../../../arm-none-eabi/lib/thumb/v7-m/nofp\libc.a
LOAD c:/st/stm32cubeide_1.7.0/stm32cubeide/plugins/com.st.stm32cube.ide.mcu.externaltools.gnu-tools-for-stm32.9-2020-q2-update.win32_2.0.0.202105311346/tools/bin/../lib/gcc/arm-none-eabi/9.3.1/../../../../arm-none-eabi/lib/thumb/v7-m/nofp\libm.a
LOAD c:/st/stm32cubeide_1.7.0/stm32cubeide/plugins/com.st.stm32cube.ide.mcu.externaltools.gnu-tools-for-stm32.9-2020-q2-update.win32_2.0.0.202105311346/tools/bin/../lib/gcc/arm-none-eabi/9.3.1/thumb/v7-m/nofp\libgcc.a

.debug_info     0x0000000000000000     0xa5f7
 .debug_info    0x0000000000000000      0x486 ./Core/Src/7seg.o
 .debug_info    0x0000000000000486      0x377 ./Core/Src/button.o
 .debug_info    0x00000000000007fd      0x37c ./Core/Src/fsm_automatic_sch.o
 .debug_info    0x0000000000000b79      0x419 ./Core/Src/fsm_manual.o
 .debug_info    0x0000000000000f92      0x39d ./Core/Src/fsm_manual_sch.o
 .debug_info    0x000000000000132f      0x3da ./Core/Src/global.o
 .debug_info    0x0000000000001709      0x4c2 ./Core/Src/led.o
 .debug_info    0x0000000000001bcb      0xd26 ./Core/Src/main.o
 .debug_info    0x00000000000028f1      0x415 ./Core/Src/scheduler.o
 .debug_info    0x0000000000002d06      0xa09 ./Core/Src/stm32f1xx_hal_msp.o
 .debug_info    0x000000000000370f      0x7b9 ./Core/Src/stm32f1xx_it.o
 .debug_info    0x0000000000003ec8      0x2be ./Core/Src/system_stm32f1xx.o
 .debug_info    0x0000000000004186       0x22 ./Core/Startup/startup_stm32f103c6ux.o
 .debug_info    0x00000000000041a8      0x74c ./Drivers/STM32F1xx_HAL_Driver/Src/stm32f1xx_hal.o
 .debug_info    0x00000000000048f4      0xbbe ./Drivers/STM32F1xx_HAL_Driver/Src/stm32f1xx_hal_cortex.o
 .debug_info    0x00000000000054b2      0x701 ./Drivers/STM32F1xx_HAL_Driver/Src/stm32f1xx_hal_gpio.o
 .debug_info    0x0000000000005bb3      0x893 ./Drivers/STM32F1xx_HAL_Driver/Src/stm32f1xx_hal_rcc.o
 .debug_info    0x0000000000006446     0x2c32 ./Drivers/STM32F1xx_HAL_Driver/Src/stm32f1xx_hal_tim.o
 .debug_info    0x0000000000009078     0x157f ./Drivers/STM32F1xx_HAL_Driver/Src/stm32f1xx_hal_tim_ex.o

.debug_abbrev   0x0000000000000000     0x1de1
 .debug_abbrev  0x0000000000000000      0x152 ./Core/Src/7seg.o
 .debug_abbrev  0x0000000000000152      0x177 ./Core/Src/button.o
 .debug_abbrev  0x00000000000002c9       0xb6 ./Core/Src/fsm_automatic_sch.o
 .debug_abbrev  0x000000000000037f      0x14c ./Core/Src/fsm_manual.o
 .debug_abbrev  0x00000000000004cb       0xfd ./Core/Src/fsm_manual_sch.o
 .debug_abbrev  0x00000000000005c8       0xa9 ./Core/Src/global.o
 .debug_abbrev  0x0000000000000671       0xff ./Core/Src/led.o
 .debug_abbrev  0x0000000000000770      0x248 ./Core/Src/main.o
 .debug_abbrev  0x00000000000009b8      0x17d ./Core/Src/scheduler.o
 .debug_abbrev  0x0000000000000b35      0x1b7 ./Core/Src/stm32f1xx_hal_msp.o
 .debug_abbrev  0x0000000000000cec      0x176 ./Core/Src/stm32f1xx_it.o
 .debug_abbrev  0x0000000000000e62      0x14e ./Core/Src/system_stm32f1xx.o
 .debug_abbrev  0x0000000000000fb0       0x12 ./Core/Startup/startup_stm32f103c6ux.o
 .debug_abbrev  0x0000000000000fc2      0x1ed ./Drivers/STM32F1xx_HAL_Driver/Src/stm32f1xx_hal.o
 .debug_abbrev  0x00000000000011af      0x313 ./Drivers/STM32F1xx_HAL_Driver/Src/stm32f1xx_hal_cortex.o
 .debug_abbrev  0x00000000000014c2      0x1e8 ./Drivers/STM32F1xx_HAL_Driver/Src/stm32f1xx_hal_gpio.o
 .debug_abbrev  0x00000000000016aa      0x273 ./Drivers/STM32F1xx_HAL_Driver/Src/stm32f1xx_hal_rcc.o
 .debug_abbrev  0x000000000000191d      0x25e ./Drivers/STM32F1xx_HAL_Driver/Src/stm32f1xx_hal_tim.o
 .debug_abbrev  0x0000000000001b7b      0x266 ./Drivers/STM32F1xx_HAL_Driver/Src/stm32f1xx_hal_tim_ex.o

.debug_aranges  0x0000000000000000      0xb50
 .debug_aranges
                0x0000000000000000       0x48 ./Core/Src/7seg.o
 .debug_aranges
                0x0000000000000048       0x38 ./Core/Src/button.o
 .debug_aranges
                0x0000000000000080       0x48 ./Core/Src/fsm_automatic_sch.o
 .debug_aranges
                0x00000000000000c8       0x30 ./Core/Src/fsm_manual.o
 .debug_aranges
                0x00000000000000f8       0x40 ./Core/Src/fsm_manual_sch.o
 .debug_aranges
                0x0000000000000138       0x18 ./Core/Src/global.o
 .debug_aranges
                0x0000000000000150       0x80 ./Core/Src/led.o
 .debug_aranges
                0x00000000000001d0       0x48 ./Core/Src/main.o
 .debug_aranges
                0x0000000000000218       0x50 ./Core/Src/scheduler.o
 .debug_aranges
                0x0000000000000268       0x30 ./Core/Src/stm32f1xx_hal_msp.o
 .debug_aranges
                0x0000000000000298       0x68 ./Core/Src/stm32f1xx_it.o
 .debug_aranges
                0x0000000000000300       0x28 ./Core/Src/system_stm32f1xx.o
 .debug_aranges
                0x0000000000000328       0x28 ./Core/Startup/startup_stm32f103c6ux.o
 .debug_aranges
                0x0000000000000350       0xe0 ./Drivers/STM32F1xx_HAL_Driver/Src/stm32f1xx_hal.o
 .debug_aranges
                0x0000000000000430      0x100 ./Drivers/STM32F1xx_HAL_Driver/Src/stm32f1xx_hal_cortex.o
 .debug_aranges
                0x0000000000000530       0x58 ./Drivers/STM32F1xx_HAL_Driver/Src/stm32f1xx_hal_gpio.o
 .debug_aranges
                0x0000000000000588       0x90 ./Drivers/STM32F1xx_HAL_Driver/Src/stm32f1xx_hal_rcc.o
 .debug_aranges
                0x0000000000000618      0x3d0 ./Drivers/STM32F1xx_HAL_Driver/Src/stm32f1xx_hal_tim.o
 .debug_aranges
                0x00000000000009e8      0x168 ./Drivers/STM32F1xx_HAL_Driver/Src/stm32f1xx_hal_tim_ex.o

.debug_ranges   0x0000000000000000      0xa20
 .debug_ranges  0x0000000000000000       0x38 ./Core/Src/7seg.o
 .debug_ranges  0x0000000000000038       0x28 ./Core/Src/button.o
 .debug_ranges  0x0000000000000060       0x38 ./Core/Src/fsm_automatic_sch.o
 .debug_ranges  0x0000000000000098       0x20 ./Core/Src/fsm_manual.o
 .debug_ranges  0x00000000000000b8       0x30 ./Core/Src/fsm_manual_sch.o
 .debug_ranges  0x00000000000000e8       0x70 ./Core/Src/led.o
 .debug_ranges  0x0000000000000158       0x38 ./Core/Src/main.o
 .debug_ranges  0x0000000000000190       0x40 ./Core/Src/scheduler.o
 .debug_ranges  0x00000000000001d0       0x20 ./Core/Src/stm32f1xx_hal_msp.o
 .debug_ranges  0x00000000000001f0       0x58 ./Core/Src/stm32f1xx_it.o
 .debug_ranges  0x0000000000000248       0x18 ./Core/Src/system_stm32f1xx.o
 .debug_ranges  0x0000000000000260       0x20 ./Core/Startup/startup_stm32f103c6ux.o
 .debug_ranges  0x0000000000000280       0xd0 ./Drivers/STM32F1xx_HAL_Driver/Src/stm32f1xx_hal.o
 .debug_ranges  0x0000000000000350       0xf0 ./Drivers/STM32F1xx_HAL_Driver/Src/stm32f1xx_hal_cortex.o
 .debug_ranges  0x0000000000000440       0x48 ./Drivers/STM32F1xx_HAL_Driver/Src/stm32f1xx_hal_gpio.o
 .debug_ranges  0x0000000000000488       0x80 ./Drivers/STM32F1xx_HAL_Driver/Src/stm32f1xx_hal_rcc.o
 .debug_ranges  0x0000000000000508      0x3c0 ./Drivers/STM32F1xx_HAL_Driver/Src/stm32f1xx_hal_tim.o
 .debug_ranges  0x00000000000008c8      0x158 ./Drivers/STM32F1xx_HAL_Driver/Src/stm32f1xx_hal_tim_ex.o

.debug_macro    0x0000000000000000    0x17237
 .debug_macro   0x0000000000000000      0x1db ./Core/Src/7seg.o
 .debug_macro   0x00000000000001db      0xa9c ./Core/Src/7seg.o
 .debug_macro   0x0000000000000c77      0x215 ./Core/Src/7seg.o
 .debug_macro   0x0000000000000e8c       0x2e ./Core/Src/7seg.o
 .debug_macro   0x0000000000000eba       0x22 ./Core/Src/7seg.o
 .debug_macro   0x0000000000000edc       0x22 ./Core/Src/7seg.o
 .debug_macro   0x0000000000000efe       0x8e ./Core/Src/7seg.o
 .debug_macro   0x0000000000000f8c       0x51 ./Core/Src/7seg.o
 .debug_macro   0x0000000000000fdd      0x103 ./Core/Src/7seg.o
 .debug_macro   0x00000000000010e0       0x6a ./Core/Src/7seg.o
 .debug_macro   0x000000000000114a      0x1df ./Core/Src/7seg.o
 .debug_macro   0x0000000000001329       0x1c ./Core/Src/7seg.o
 .debug_macro   0x0000000000001345       0x22 ./Core/Src/7seg.o
 .debug_macro   0x0000000000001367       0xc3 ./Core/Src/7seg.o
 .debug_macro   0x000000000000142a      0xd23 ./Core/Src/7seg.o
 .debug_macro   0x000000000000214d     0xde75 ./Core/Src/7seg.o
 .debug_macro   0x000000000000ffc2       0x6d ./Core/Src/7seg.o
 .debug_macro   0x000000000001002f     0x34a2 ./Core/Src/7seg.o
 .debug_macro   0x00000000000134d1      0x174 ./Core/Src/7seg.o
 .debug_macro   0x0000000000013645       0x5c ./Core/Src/7seg.o
 .debug_macro   0x00000000000136a1      0x5bc ./Core/Src/7seg.o
 .debug_macro   0x0000000000013c5d      0x1b7 ./Core/Src/7seg.o
 .debug_macro   0x0000000000013e14      0x1cb ./Core/Src/7seg.o
 .debug_macro   0x0000000000013fdf      0x114 ./Core/Src/7seg.o
 .debug_macro   0x00000000000140f3      0x1b2 ./Core/Src/7seg.o
 .debug_macro   0x00000000000142a5       0x27 ./Core/Src/7seg.o
 .debug_macro   0x00000000000142cc      0x12f ./Core/Src/7seg.o
 .debug_macro   0x00000000000143fb      0x1bc ./Core/Src/7seg.o
 .debug_macro   0x00000000000145b7       0x34 ./Core/Src/7seg.o
 .debug_macro   0x00000000000145eb       0x3c ./Core/Src/7seg.o
 .debug_macro   0x0000000000014627       0x57 ./Core/Src/7seg.o
 .debug_macro   0x000000000001467e       0x87 ./Core/Src/7seg.o
 .debug_macro   0x0000000000014705      0x183 ./Core/Src/7seg.o
 .debug_macro   0x0000000000014888      0x140 ./Core/Src/7seg.o
 .debug_macro   0x00000000000149c8      0x8ed ./Core/Src/7seg.o
 .debug_macro   0x00000000000152b5       0x69 ./Core/Src/7seg.o
 .debug_macro   0x000000000001531e      0x148 ./Core/Src/7seg.o
 .debug_macro   0x0000000000015466       0x82 ./Core/Src/7seg.o
 .debug_macro   0x00000000000154e8      0x1b5 ./Core/Src/button.o
 .debug_macro   0x000000000001569d       0x10 ./Core/Src/button.o
 .debug_macro   0x00000000000156ad      0x1e1 ./Core/Src/fsm_automatic_sch.o
 .debug_macro   0x000000000001588e       0x4c ./Core/Src/fsm_automatic_sch.o
 .debug_macro   0x00000000000158da      0x1f8 ./Core/Src/fsm_manual.o
 .debug_macro   0x0000000000015ad2      0x1f1 ./Core/Src/fsm_manual_sch.o
 .debug_macro   0x0000000000015cc3       0x16 ./Core/Src/fsm_manual_sch.o
 .debug_macro   0x0000000000015cd9       0x52 ./Core/Src/fsm_manual_sch.o
 .debug_macro   0x0000000000015d2b      0x1be ./Core/Src/global.o
 .debug_macro   0x0000000000015ee9      0x1cd ./Core/Src/led.o
 .debug_macro   0x00000000000160b6      0x1ed ./Core/Src/main.o
 .debug_macro   0x00000000000162a3       0x7b ./Core/Src/scheduler.o
 .debug_macro   0x000000000001631e      0x1a6 ./Core/Src/stm32f1xx_hal_msp.o
 .debug_macro   0x00000000000164c4      0x1b0 ./Core/Src/stm32f1xx_it.o
 .debug_macro   0x0000000000016674      0x197 ./Core/Src/system_stm32f1xx.o
 .debug_macro   0x000000000001680b      0x1bb ./Drivers/STM32F1xx_HAL_Driver/Src/stm32f1xx_hal.o
 .debug_macro   0x00000000000169c6      0x197 ./Drivers/STM32F1xx_HAL_Driver/Src/stm32f1xx_hal_cortex.o
 .debug_macro   0x0000000000016b5d      0x202 ./Drivers/STM32F1xx_HAL_Driver/Src/stm32f1xx_hal_gpio.o
 .debug_macro   0x0000000000016d5f      0x1a9 ./Drivers/STM32F1xx_HAL_Driver/Src/stm32f1xx_hal_rcc.o
 .debug_macro   0x0000000000016f08      0x198 ./Drivers/STM32F1xx_HAL_Driver/Src/stm32f1xx_hal_tim.o
 .debug_macro   0x00000000000170a0      0x197 ./Drivers/STM32F1xx_HAL_Driver/Src/stm32f1xx_hal_tim_ex.o

.debug_line     0x0000000000000000     0xcf5b
 .debug_line    0x0000000000000000      0x7d6 ./Core/Src/7seg.o
 .debug_line    0x00000000000007d6      0x715 ./Core/Src/button.o
 .debug_line    0x0000000000000eeb      0x7c1 ./Core/Src/fsm_automatic_sch.o
 .debug_line    0x00000000000016ac      0x86b ./Core/Src/fsm_manual.o
 .debug_line    0x0000000000001f17      0x8ed ./Core/Src/fsm_manual_sch.o
 .debug_line    0x0000000000002804      0x65c ./Core/Src/global.o
 .debug_line    0x0000000000002e60      0x7c6 ./Core/Src/led.o
 .debug_line    0x0000000000003626      0x7f8 ./Core/Src/main.o
 .debug_line    0x0000000000003e1e      0x5b6 ./Core/Src/scheduler.o
 .debug_line    0x00000000000043d4      0x6a1 ./Core/Src/stm32f1xx_hal_msp.o
 .debug_line    0x0000000000004a75      0x73f ./Core/Src/stm32f1xx_it.o
 .debug_line    0x00000000000051b4      0x6e3 ./Core/Src/system_stm32f1xx.o
 .debug_line    0x0000000000005897       0x86 ./Core/Startup/startup_stm32f103c6ux.o
 .debug_line    0x000000000000591d      0x910 ./Drivers/STM32F1xx_HAL_Driver/Src/stm32f1xx_hal.o
 .debug_line    0x000000000000622d      0xaf8 ./Drivers/STM32F1xx_HAL_Driver/Src/stm32f1xx_hal_cortex.o
 .debug_line    0x0000000000006d25      0x993 ./Drivers/STM32F1xx_HAL_Driver/Src/stm32f1xx_hal_gpio.o
 .debug_line    0x00000000000076b8      0xd1c ./Drivers/STM32F1xx_HAL_Driver/Src/stm32f1xx_hal_rcc.o
 .debug_line    0x00000000000083d4     0x3361 ./Drivers/STM32F1xx_HAL_Driver/Src/stm32f1xx_hal_tim.o
 .debug_line    0x000000000000b735     0x1826 ./Drivers/STM32F1xx_HAL_Driver/Src/stm32f1xx_hal_tim_ex.o

.debug_str      0x0000000000000000    0x82a95
 .debug_str     0x0000000000000000    0x7fc1b ./Core/Src/7seg.o
                                      0x7ff57 (size before relaxing)
 .debug_str     0x000000000007fc1b       0xf0 ./Core/Src/button.o
                                      0x7fce4 (size before relaxing)
 .debug_str     0x000000000007fd0b      0x1ef ./Core/Src/fsm_automatic_sch.o
                                      0x800bf (size before relaxing)
 .debug_str     0x000000000007fefa       0x6d ./Core/Src/fsm_manual.o
                                      0x7ff99 (size before relaxing)
 .debug_str     0x000000000007ff67       0x8e ./Core/Src/fsm_manual_sch.o
                                      0x800f3 (size before relaxing)
 .debug_str     0x000000000007fff5       0x15 ./Core/Src/global.o
                                      0x7fff7 (size before relaxing)
 .debug_str     0x000000000008000a       0x92 ./Core/Src/led.o
                                      0x7ff8c (size before relaxing)
 .debug_str     0x000000000008009c      0x6f6 ./Core/Src/main.o
                                      0x8085c (size before relaxing)
 .debug_str     0x0000000000080792       0xb1 ./Core/Src/scheduler.o
                                       0x4198 (size before relaxing)
 .debug_str     0x0000000000080843      0x2ba ./Core/Src/stm32f1xx_hal_msp.o
                                      0x803d2 (size before relaxing)
 .debug_str     0x0000000000080afd       0xcd ./Core/Src/stm32f1xx_it.o
                                      0x80134 (size before relaxing)
 .debug_str     0x0000000000080bca       0x52 ./Core/Src/system_stm32f1xx.o
                                      0x7f779 (size before relaxing)
 .debug_str     0x0000000000080c1c       0x36 ./Core/Startup/startup_stm32f103c6ux.o
                                         0x6d (size before relaxing)
 .debug_str     0x0000000000080c52      0x304 ./Drivers/STM32F1xx_HAL_Driver/Src/stm32f1xx_hal.o
                                      0x7fdd0 (size before relaxing)
 .debug_str     0x0000000000080f56      0x300 ./Drivers/STM32F1xx_HAL_Driver/Src/stm32f1xx_hal_cortex.o
                                      0x7fdd8 (size before relaxing)
 .debug_str     0x0000000000081256      0x324 ./Drivers/STM32F1xx_HAL_Driver/Src/stm32f1xx_hal_gpio.o
                                      0x7fb3d (size before relaxing)
 .debug_str     0x000000000008157a      0x24f ./Drivers/STM32F1xx_HAL_Driver/Src/stm32f1xx_hal_rcc.o
                                      0x7fb76 (size before relaxing)
 .debug_str     0x00000000000817c9      0xdde ./Drivers/STM32F1xx_HAL_Driver/Src/stm32f1xx_hal_tim.o
                                      0x80b5f (size before relaxing)
 .debug_str     0x00000000000825a7      0x4ee ./Drivers/STM32F1xx_HAL_Driver/Src/stm32f1xx_hal_tim_ex.o
                                      0x80300 (size before relaxing)

.comment        0x0000000000000000       0x53
 .comment       0x0000000000000000       0x53 ./Core/Src/7seg.o
                                         0x54 (size before relaxing)
 .comment       0x0000000000000053       0x54 ./Core/Src/button.o
 .comment       0x0000000000000053       0x54 ./Core/Src/fsm_automatic_sch.o
 .comment       0x0000000000000053       0x54 ./Core/Src/fsm_manual.o
 .comment       0x0000000000000053       0x54 ./Core/Src/fsm_manual_sch.o
 .comment       0x0000000000000053       0x54 ./Core/Src/global.o
 .comment       0x0000000000000053       0x54 ./Core/Src/led.o
 .comment       0x0000000000000053       0x54 ./Core/Src/main.o
 .comment       0x0000000000000053       0x54 ./Core/Src/scheduler.o
 .comment       0x0000000000000053       0x54 ./Core/Src/stm32f1xx_hal_msp.o
 .comment       0x0000000000000053       0x54 ./Core/Src/stm32f1xx_it.o
 .comment       0x0000000000000053       0x54 ./Core/Src/system_stm32f1xx.o
 .comment       0x0000000000000053       0x54 ./Drivers/STM32F1xx_HAL_Driver/Src/stm32f1xx_hal.o
 .comment       0x0000000000000053       0x54 ./Drivers/STM32F1xx_HAL_Driver/Src/stm32f1xx_hal_cortex.o
 .comment       0x0000000000000053       0x54 ./Drivers/STM32F1xx_HAL_Driver/Src/stm32f1xx_hal_gpio.o
 .comment       0x0000000000000053       0x54 ./Drivers/STM32F1xx_HAL_Driver/Src/stm32f1xx_hal_rcc.o
 .comment       0x0000000000000053       0x54 ./Drivers/STM32F1xx_HAL_Driver/Src/stm32f1xx_hal_tim.o
 .comment       0x0000000000000053       0x54 ./Drivers/STM32F1xx_HAL_Driver/Src/stm32f1xx_hal_tim_ex.o

.debug_frame    0x0000000000000000     0x2bd4
 .debug_frame   0x0000000000000000       0xf8 ./Core/Src/7seg.o
 .debug_frame   0x00000000000000f8       0xa0 ./Core/Src/button.o
 .debug_frame   0x0000000000000198       0xb8 ./Core/Src/fsm_automatic_sch.o
 .debug_frame   0x0000000000000250       0x74 ./Core/Src/fsm_manual.o
 .debug_frame   0x00000000000002c4       0xb0 ./Core/Src/fsm_manual_sch.o
 .debug_frame   0x0000000000000374      0x17c ./Core/Src/led.o
 .debug_frame   0x00000000000004f0       0xd4 ./Core/Src/main.o
 .debug_frame   0x00000000000005c4      0x120 ./Core/Src/scheduler.o
 .debug_frame   0x00000000000006e4       0x80 ./Core/Src/stm32f1xx_hal_msp.o
 .debug_frame   0x0000000000000764      0x120 ./Core/Src/stm32f1xx_it.o
 .debug_frame   0x0000000000000884       0x58 ./Core/Src/system_stm32f1xx.o
 .debug_frame   0x00000000000008dc      0x334 ./Drivers/STM32F1xx_HAL_Driver/Src/stm32f1xx_hal.o
 .debug_frame   0x0000000000000c10      0x428 ./Drivers/STM32F1xx_HAL_Driver/Src/stm32f1xx_hal_cortex.o
 .debug_frame   0x0000000000001038      0x14c ./Drivers/STM32F1xx_HAL_Driver/Src/stm32f1xx_hal_gpio.o
 .debug_frame   0x0000000000001184      0x218 ./Drivers/STM32F1xx_HAL_Driver/Src/stm32f1xx_hal_rcc.o
 .debug_frame   0x000000000000139c     0x11b4 ./Drivers/STM32F1xx_HAL_Driver/Src/stm32f1xx_hal_tim.o
 .debug_frame   0x0000000000002550      0x638 ./Drivers/STM32F1xx_HAL_Driver/Src/stm32f1xx_hal_tim_ex.o
 .debug_frame   0x0000000000002b88       0x2c c:/st/stm32cubeide_1.7.0/stm32cubeide/plugins/com.st.stm32cube.ide.mcu.externaltools.gnu-tools-for-stm32.9-2020-q2-update.win32_2.0.0.202105311346/tools/bin/../lib/gcc/arm-none-eabi/9.3.1/../../../../arm-none-eabi/lib/thumb/v7-m/nofp\libc_nano.a(lib_a-init.o)
 .debug_frame   0x0000000000002bb4       0x20 c:/st/stm32cubeide_1.7.0/stm32cubeide/plugins/com.st.stm32cube.ide.mcu.externaltools.gnu-tools-for-stm32.9-2020-q2-update.win32_2.0.0.202105311346/tools/bin/../lib/gcc/arm-none-eabi/9.3.1/../../../../arm-none-eabi/lib/thumb/v7-m/nofp\libc_nano.a(lib_a-memset.o)
